[2026-05-13 18:03:02] SENT | TO: nadia@email.com | SUBJECT: DAMS: Bilal Khan has been confirmed deceased
Dear beneficiary,

It is with regret that we inform you that Bilal Khan has been confirmed deceased through the DAMS verification process.

Your share of their digital estate is now being processed. You will receive a separate secure message with credentials and instructions for any assets assigned to you.

This is an automated notification.
----
[2026-05-13 18:03:06] SENT | TO: tariq@email.com | SUBJECT: DAMS: Bilal Khan has been confirmed deceased
Dear beneficiary,

It is with regret that we inform you that Bilal Khan has been confirmed deceased through the DAMS verification process.

Your share of their digital estate is now being processed. You will receive a separate secure message with credentials and instructions for any assets assigned to you.

This is an automated notification.
----
[2026-05-13 18:03:09] SENT | TO: sana@email.com | SUBJECT: DAMS: Bilal Khan has been confirmed deceased
Dear beneficiary,

It is with regret that we inform you that Bilal Khan has been confirmed deceased through the DAMS verification process.

Your share of their digital estate is now being processed. You will receive a separate secure message with credentials and instructions for any assets assigned to you.

This is an automated notification.
----
[2026-05-13 18:06:32] SENT | TO: rgocerp@gmail.com | SUBJECT: DAMS email test — 2026-05-13 18:06:29
If you can read this, DAMS SMTP delivery is working.

Sent by:   rgocerp@gmail.com
Time:      Wed, 13 May 2026 18:06:29 +0200
Host:      Hanzala

----
[2026-05-13 18:07:19] SENT | TO: hanzalamawahab@gmail.com | SUBJECT: DAMS email test — 2026-05-13 18:07:16
If you can read this, DAMS SMTP delivery is working.

Sent by:   rgocerp@gmail.com
Time:      Wed, 13 May 2026 18:07:16 +0200
Host:      Hanzala

----
